[2022-11-23T10:17:37.331+0700][gc,init] CardTable entry size: 512
[2022-11-23T10:17:37.331+0700][gc     ] Using G1
[2022-11-23T10:17:37.332+0700][gc,init] Version: 19.0.1+10-21 (release)
[2022-11-23T10:17:37.332+0700][gc,init] CPUs: 8 total, 8 available
[2022-11-23T10:17:37.332+0700][gc,init] Memory: 16384M
[2022-11-23T10:17:37.332+0700][gc,init] Large Page Support: Disabled
[2022-11-23T10:17:37.332+0700][gc,init] NUMA Support: Disabled
[2022-11-23T10:17:37.332+0700][gc,init] Compressed Oops: Enabled (Zero based)
[2022-11-23T10:17:37.332+0700][gc,init] Heap Region Size: 1M
[2022-11-23T10:17:37.332+0700][gc,init] Heap Min Capacity: 1G
[2022-11-23T10:17:37.332+0700][gc,init] Heap Initial Capacity: 1G
[2022-11-23T10:17:37.332+0700][gc,init] Heap Max Capacity: 1G
[2022-11-23T10:17:37.332+0700][gc,init] Pre-touch: Disabled
[2022-11-23T10:17:37.332+0700][gc,init] Parallel Workers: 8
[2022-11-23T10:17:37.332+0700][gc,init] Concurrent Workers: 2
[2022-11-23T10:17:37.332+0700][gc,init] Concurrent Refinement Workers: 8
[2022-11-23T10:17:37.332+0700][gc,init] Periodic GC: Disabled
[2022-11-23T10:17:37.332+0700][gc,metaspace] CDS archive(s) mapped at: [0x0000000800000000-0x0000000800c44000-0x0000000800c44000), size 12861440, SharedBaseAddress: 0x0000000800000000, ArchiveRelocationMode: 0.
[2022-11-23T10:17:37.332+0700][gc,metaspace] Compressed class space mapped at: 0x0000000801000000-0x0000000841000000, reserved size: 1073741824
[2022-11-23T10:17:37.333+0700][gc,metaspace] Narrow klass base: 0x0000000800000000, Narrow klass shift: 0, Narrow klass range: 0x100000000
[2022-11-23T10:17:38.293+0700][gc,start    ] GC(0) Pause Young (Normal) (G1 Evacuation Pause)
[2022-11-23T10:17:38.293+0700][gc,task     ] GC(0) Using 8 workers of 8 for evacuation
[2022-11-23T10:17:38.297+0700][gc,phases   ] GC(0)   Pre Evacuate Collection Set: 0.2ms
[2022-11-23T10:17:38.297+0700][gc,phases   ] GC(0)   Merge Heap Roots: 0.1ms
[2022-11-23T10:17:38.297+0700][gc,phases   ] GC(0)   Evacuate Collection Set: 2.7ms
[2022-11-23T10:17:38.297+0700][gc,phases   ] GC(0)   Post Evacuate Collection Set: 0.3ms
[2022-11-23T10:17:38.297+0700][gc,phases   ] GC(0)   Other: 0.2ms
[2022-11-23T10:17:38.297+0700][gc,heap     ] GC(0) Eden regions: 51->0(44)
[2022-11-23T10:17:38.297+0700][gc,heap     ] GC(0) Survivor regions: 0->7(7)
[2022-11-23T10:17:38.297+0700][gc,heap     ] GC(0) Old regions: 0->1
[2022-11-23T10:17:38.297+0700][gc,heap     ] GC(0) Archive regions: 2->2
[2022-11-23T10:17:38.297+0700][gc,heap     ] GC(0) Humongous regions: 0->0
[2022-11-23T10:17:38.297+0700][gc,metaspace] GC(0) Metaspace: 18629K(18880K)->18629K(18880K) NonClass: 16500K(16640K)->16500K(16640K) Class: 2128K(2240K)->2128K(2240K)
[2022-11-23T10:17:38.297+0700][gc          ] GC(0) Pause Young (Normal) (G1 Evacuation Pause) 51M->7M(1024M) 3.602ms
[2022-11-23T10:17:38.297+0700][gc,cpu      ] GC(0) User=0.02s Sys=0.00s Real=0.00s
[2022-11-23T10:17:38.467+0700][gc,start    ] GC(1) Pause Young (Concurrent Start) (Metadata GC Threshold)
[2022-11-23T10:17:38.467+0700][gc,task     ] GC(1) Using 8 workers of 8 for evacuation
[2022-11-23T10:17:38.470+0700][gc,phases   ] GC(1)   Pre Evacuate Collection Set: 0.1ms
[2022-11-23T10:17:38.470+0700][gc,phases   ] GC(1)   Merge Heap Roots: 0.0ms
[2022-11-23T10:17:38.470+0700][gc,phases   ] GC(1)   Evacuate Collection Set: 3.0ms
[2022-11-23T10:17:38.470+0700][gc,phases   ] GC(1)   Post Evacuate Collection Set: 0.2ms
[2022-11-23T10:17:38.470+0700][gc,phases   ] GC(1)   Other: 0.0ms
[2022-11-23T10:17:38.470+0700][gc,heap     ] GC(1) Eden regions: 11->0(50)
[2022-11-23T10:17:38.470+0700][gc,heap     ] GC(1) Survivor regions: 7->1(7)
[2022-11-23T10:17:38.470+0700][gc,heap     ] GC(1) Old regions: 1->7
[2022-11-23T10:17:38.470+0700][gc,heap     ] GC(1) Archive regions: 2->2
[2022-11-23T10:17:38.470+0700][gc,heap     ] GC(1) Humongous regions: 0->0
[2022-11-23T10:17:38.470+0700][gc,metaspace] GC(1) Metaspace: 21320K(21504K)->21320K(21504K) NonClass: 18852K(18944K)->18852K(18944K) Class: 2467K(2560K)->2467K(2560K)
[2022-11-23T10:17:38.470+0700][gc          ] GC(1) Pause Young (Concurrent Start) (Metadata GC Threshold) 18M->8M(1024M) 3.483ms
[2022-11-23T10:17:38.470+0700][gc,cpu      ] GC(1) User=0.02s Sys=0.01s Real=0.01s
[2022-11-23T10:17:38.470+0700][gc          ] GC(2) Concurrent Mark Cycle
[2022-11-23T10:17:38.470+0700][gc,marking  ] GC(2) Concurrent Clear Claimed Marks
[2022-11-23T10:17:38.470+0700][gc,marking  ] GC(2) Concurrent Clear Claimed Marks 0.010ms
[2022-11-23T10:17:38.470+0700][gc,marking  ] GC(2) Concurrent Scan Root Regions
[2022-11-23T10:17:38.472+0700][gc,marking  ] GC(2) Concurrent Scan Root Regions 1.308ms
[2022-11-23T10:17:38.472+0700][gc,marking  ] GC(2) Concurrent Mark
[2022-11-23T10:17:38.472+0700][gc,marking  ] GC(2) Concurrent Mark From Roots
[2022-11-23T10:17:38.472+0700][gc,task     ] GC(2) Using 2 workers of 2 for marking
[2022-11-23T10:17:38.473+0700][gc,marking  ] GC(2) Concurrent Mark From Roots 0.955ms
[2022-11-23T10:17:38.473+0700][gc,marking  ] GC(2) Concurrent Preclean
[2022-11-23T10:17:38.473+0700][gc,marking  ] GC(2) Concurrent Preclean 0.006ms
[2022-11-23T10:17:38.473+0700][gc,start    ] GC(2) Pause Remark
[2022-11-23T10:17:38.473+0700][gc          ] GC(2) Pause Remark 9M->9M(1024M) 0.761ms
[2022-11-23T10:17:38.474+0700][gc,cpu      ] GC(2) User=0.01s Sys=0.00s Real=0.00s
[2022-11-23T10:17:38.474+0700][gc,marking  ] GC(2) Concurrent Mark 1.866ms
[2022-11-23T10:17:38.474+0700][gc,marking  ] GC(2) Concurrent Rebuild Remembered Sets
[2022-11-23T10:17:38.474+0700][gc,marking  ] GC(2) Concurrent Rebuild Remembered Sets 0.004ms
[2022-11-23T10:17:38.474+0700][gc,start    ] GC(2) Pause Cleanup
[2022-11-23T10:17:38.474+0700][gc          ] GC(2) Pause Cleanup 9M->9M(1024M) 0.008ms
[2022-11-23T10:17:38.474+0700][gc,cpu      ] GC(2) User=0.00s Sys=0.00s Real=0.00s
[2022-11-23T10:17:38.474+0700][gc,marking  ] GC(2) Concurrent Cleanup for Next Mark
[2022-11-23T10:17:38.475+0700][gc,marking  ] GC(2) Concurrent Cleanup for Next Mark 1.407ms
[2022-11-23T10:17:38.476+0700][gc          ] GC(2) Concurrent Mark Cycle 5.960ms
[2022-11-23T10:17:38.891+0700][gc,start    ] GC(3) Pause Young (Normal) (G1 Evacuation Pause)
[2022-11-23T10:17:38.892+0700][gc,task     ] GC(3) Using 8 workers of 8 for evacuation
[2022-11-23T10:17:38.894+0700][gc,phases   ] GC(3)   Pre Evacuate Collection Set: 0.1ms
[2022-11-23T10:17:38.894+0700][gc,phases   ] GC(3)   Merge Heap Roots: 0.0ms
[2022-11-23T10:17:38.894+0700][gc,phases   ] GC(3)   Evacuate Collection Set: 1.9ms
[2022-11-23T10:17:38.894+0700][gc,phases   ] GC(3)   Post Evacuate Collection Set: 0.2ms
[2022-11-23T10:17:38.894+0700][gc,phases   ] GC(3)   Other: 0.0ms
[2022-11-23T10:17:38.894+0700][gc,heap     ] GC(3) Eden regions: 50->0(45)
[2022-11-23T10:17:38.894+0700][gc,heap     ] GC(3) Survivor regions: 1->6(7)
[2022-11-23T10:17:38.894+0700][gc,heap     ] GC(3) Old regions: 7->7
[2022-11-23T10:17:38.894+0700][gc,heap     ] GC(3) Archive regions: 2->2
[2022-11-23T10:17:38.894+0700][gc,heap     ] GC(3) Humongous regions: 129->129
[2022-11-23T10:17:38.894+0700][gc,metaspace] GC(3) Metaspace: 33416K(33728K)->33416K(33728K) NonClass: 29839K(30016K)->29839K(30016K) Class: 3577K(3712K)->3577K(3712K)
[2022-11-23T10:17:38.894+0700][gc          ] GC(3) Pause Young (Normal) (G1 Evacuation Pause) 187M->142M(1024M) 2.465ms
[2022-11-23T10:17:38.894+0700][gc,cpu      ] GC(3) User=0.01s Sys=0.00s Real=0.00s
[2022-11-23T10:18:14.121+0700][gc,start    ] GC(4) Pause Young (Concurrent Start) (Metadata GC Threshold)
[2022-11-23T10:18:14.121+0700][gc,task     ] GC(4) Using 8 workers of 8 for evacuation
[2022-11-23T10:18:14.128+0700][gc,phases   ] GC(4)   Pre Evacuate Collection Set: 0.3ms
[2022-11-23T10:18:14.128+0700][gc,phases   ] GC(4)   Merge Heap Roots: 0.1ms
[2022-11-23T10:18:14.128+0700][gc,phases   ] GC(4)   Evacuate Collection Set: 5.5ms
[2022-11-23T10:18:14.128+0700][gc,phases   ] GC(4)   Post Evacuate Collection Set: 0.5ms
[2022-11-23T10:18:14.128+0700][gc,phases   ] GC(4)   Other: 0.2ms
[2022-11-23T10:18:14.128+0700][gc,heap     ] GC(4) Eden regions: 13->0(50)
[2022-11-23T10:18:14.128+0700][gc,heap     ] GC(4) Survivor regions: 6->1(7)
[2022-11-23T10:18:14.128+0700][gc,heap     ] GC(4) Old regions: 7->13
[2022-11-23T10:18:14.128+0700][gc,heap     ] GC(4) Archive regions: 2->2
[2022-11-23T10:18:14.128+0700][gc,heap     ] GC(4) Humongous regions: 129->129
[2022-11-23T10:18:14.128+0700][gc,metaspace] GC(4) Metaspace: 35641K(35968K)->35641K(35968K) NonClass: 31708K(31872K)->31708K(31872K) Class: 3932K(4096K)->3932K(4096K)
[2022-11-23T10:18:14.128+0700][gc          ] GC(4) Pause Young (Concurrent Start) (Metadata GC Threshold) 154M->143M(1024M) 7.113ms
[2022-11-23T10:18:14.128+0700][gc          ] GC(5) Concurrent Mark Cycle
[2022-11-23T10:18:14.128+0700][gc,cpu      ] GC(4) User=0.02s Sys=0.00s Real=0.00s
[2022-11-23T10:18:14.128+0700][gc,marking  ] GC(5) Concurrent Clear Claimed Marks
[2022-11-23T10:18:14.128+0700][gc,marking  ] GC(5) Concurrent Clear Claimed Marks 0.058ms
[2022-11-23T10:18:14.128+0700][gc,marking  ] GC(5) Concurrent Scan Root Regions
[2022-11-23T10:18:14.131+0700][gc,marking  ] GC(5) Concurrent Scan Root Regions 2.754ms
[2022-11-23T10:18:14.131+0700][gc,marking  ] GC(5) Concurrent Mark
[2022-11-23T10:18:14.131+0700][gc,marking  ] GC(5) Concurrent Mark From Roots
[2022-11-23T10:18:14.131+0700][gc,task     ] GC(5) Using 2 workers of 2 for marking
[2022-11-23T10:18:14.136+0700][gc,marking  ] GC(5) Concurrent Mark From Roots 4.755ms
[2022-11-23T10:18:14.136+0700][gc,marking  ] GC(5) Concurrent Preclean
[2022-11-23T10:18:14.136+0700][gc,marking  ] GC(5) Concurrent Preclean 0.024ms
[2022-11-23T10:18:14.136+0700][gc,start    ] GC(5) Pause Remark
[2022-11-23T10:18:14.137+0700][gc          ] GC(5) Pause Remark 143M->143M(1024M) 1.168ms
[2022-11-23T10:18:14.137+0700][gc,cpu      ] GC(5) User=0.00s Sys=0.00s Real=0.00s
[2022-11-23T10:18:14.137+0700][gc,marking  ] GC(5) Concurrent Mark 6.126ms
[2022-11-23T10:18:14.137+0700][gc,marking  ] GC(5) Concurrent Rebuild Remembered Sets
[2022-11-23T10:18:14.142+0700][gc,marking  ] GC(5) Concurrent Rebuild Remembered Sets 5.250ms
[2022-11-23T10:18:14.142+0700][gc,start    ] GC(5) Pause Cleanup
[2022-11-23T10:18:14.142+0700][gc          ] GC(5) Pause Cleanup 143M->143M(1024M) 0.119ms
[2022-11-23T10:18:14.143+0700][gc,cpu      ] GC(5) User=0.00s Sys=0.00s Real=0.00s
[2022-11-23T10:18:14.143+0700][gc,marking  ] GC(5) Concurrent Cleanup for Next Mark
[2022-11-23T10:18:14.144+0700][gc,marking  ] GC(5) Concurrent Cleanup for Next Mark 1.932ms
[2022-11-23T10:18:14.144+0700][gc          ] GC(5) Concurrent Mark Cycle 16.560ms
[2022-11-23T10:22:27.435+0700][gc,heap,exit] Heap
[2022-11-23T10:22:27.435+0700][gc,heap,exit]  garbage-first heap   total 1048576K, used 160138K [0x00000007c0000000, 0x0000000800000000)
[2022-11-23T10:22:27.435+0700][gc,heap,exit]   region size 1024K, 14 young (14336K), 1 survivors (1024K)
[2022-11-23T10:22:27.435+0700][gc,heap,exit]  Metaspace       used 36449K, committed 36800K, reserved 1114112K
[2022-11-23T10:22:27.435+0700][gc,heap,exit]   class space    used 4076K, committed 4224K, reserved 1048576K
