[2022-11-23T10:15:52.540+0700][gc,init] CardTable entry size: 512
[2022-11-23T10:15:52.540+0700][gc     ] Using G1
[2022-11-23T10:15:52.541+0700][gc,init] Version: 19.0.1+10-21 (release)
[2022-11-23T10:15:52.541+0700][gc,init] CPUs: 8 total, 8 available
[2022-11-23T10:15:52.541+0700][gc,init] Memory: 16384M
[2022-11-23T10:15:52.541+0700][gc,init] Large Page Support: Disabled
[2022-11-23T10:15:52.541+0700][gc,init] NUMA Support: Disabled
[2022-11-23T10:15:52.541+0700][gc,init] Compressed Oops: Enabled (Zero based)
[2022-11-23T10:15:52.541+0700][gc,init] Heap Region Size: 1M
[2022-11-23T10:15:52.541+0700][gc,init] Heap Min Capacity: 1G
[2022-11-23T10:15:52.541+0700][gc,init] Heap Initial Capacity: 1G
[2022-11-23T10:15:52.541+0700][gc,init] Heap Max Capacity: 1G
[2022-11-23T10:15:52.541+0700][gc,init] Pre-touch: Disabled
[2022-11-23T10:15:52.541+0700][gc,init] Parallel Workers: 8
[2022-11-23T10:15:52.541+0700][gc,init] Concurrent Workers: 2
[2022-11-23T10:15:52.541+0700][gc,init] Concurrent Refinement Workers: 8
[2022-11-23T10:15:52.541+0700][gc,init] Periodic GC: Disabled
[2022-11-23T10:15:52.542+0700][gc,metaspace] CDS archive(s) mapped at: [0x0000000800000000-0x0000000800c44000-0x0000000800c44000), size 12861440, SharedBaseAddress: 0x0000000800000000, ArchiveRelocationMode: 0.
[2022-11-23T10:15:52.542+0700][gc,metaspace] Compressed class space mapped at: 0x0000000801000000-0x0000000841000000, reserved size: 1073741824
[2022-11-23T10:15:52.542+0700][gc,metaspace] Narrow klass base: 0x0000000800000000, Narrow klass shift: 0, Narrow klass range: 0x100000000
[2022-11-23T10:16:11.950+0700][gc,heap,exit] Heap
[2022-11-23T10:16:11.950+0700][gc,heap,exit]  garbage-first heap   total 1048576K, used 45024K [0x00000007c0000000, 0x0000000800000000)
[2022-11-23T10:16:11.950+0700][gc,heap,exit]   region size 1024K, 43 young (44032K), 0 survivors (0K)
[2022-11-23T10:16:11.950+0700][gc,heap,exit]  Metaspace       used 15622K, committed 15808K, reserved 1114112K
[2022-11-23T10:16:11.950+0700][gc,heap,exit]   class space    used 1830K, committed 1920K, reserved 1048576K
