[2022-11-23T10:25:17.417+0700][gc,init] CardTable entry size: 512
[2022-11-23T10:25:17.417+0700][gc     ] Using G1
[2022-11-23T10:25:17.418+0700][gc,init] Version: 19.0.1+10-21 (release)
[2022-11-23T10:25:17.418+0700][gc,init] CPUs: 8 total, 8 available
[2022-11-23T10:25:17.418+0700][gc,init] Memory: 16384M
[2022-11-23T10:25:17.418+0700][gc,init] Large Page Support: Disabled
[2022-11-23T10:25:17.418+0700][gc,init] NUMA Support: Disabled
[2022-11-23T10:25:17.418+0700][gc,init] Compressed Oops: Enabled (Zero based)
[2022-11-23T10:25:17.418+0700][gc,init] Heap Region Size: 1M
[2022-11-23T10:25:17.418+0700][gc,init] Heap Min Capacity: 1G
[2022-11-23T10:25:17.418+0700][gc,init] Heap Initial Capacity: 1G
[2022-11-23T10:25:17.418+0700][gc,init] Heap Max Capacity: 1G
[2022-11-23T10:25:17.418+0700][gc,init] Pre-touch: Disabled
[2022-11-23T10:25:17.418+0700][gc,init] Parallel Workers: 8
[2022-11-23T10:25:17.418+0700][gc,init] Concurrent Workers: 2
[2022-11-23T10:25:17.418+0700][gc,init] Concurrent Refinement Workers: 8
[2022-11-23T10:25:17.418+0700][gc,init] Periodic GC: Disabled
[2022-11-23T10:25:17.418+0700][gc,metaspace] CDS archive(s) mapped at: [0x0000000800000000-0x0000000800c44000-0x0000000800c44000), size 12861440, SharedBaseAddress: 0x0000000800000000, ArchiveRelocationMode: 0.
[2022-11-23T10:25:17.418+0700][gc,metaspace] Compressed class space mapped at: 0x0000000801000000-0x0000000841000000, reserved size: 1073741824
[2022-11-23T10:25:17.418+0700][gc,metaspace] Narrow klass base: 0x0000000800000000, Narrow klass shift: 0, Narrow klass range: 0x100000000
[2022-11-23T10:25:18.176+0700][gc,start    ] GC(0) Pause Young (Normal) (G1 Evacuation Pause)
[2022-11-23T10:25:18.176+0700][gc,task     ] GC(0) Using 8 workers of 8 for evacuation
[2022-11-23T10:25:18.179+0700][gc,phases   ] GC(0)   Pre Evacuate Collection Set: 0.1ms
[2022-11-23T10:25:18.179+0700][gc,phases   ] GC(0)   Merge Heap Roots: 0.0ms
[2022-11-23T10:25:18.179+0700][gc,phases   ] GC(0)   Evacuate Collection Set: 2.3ms
[2022-11-23T10:25:18.179+0700][gc,phases   ] GC(0)   Post Evacuate Collection Set: 0.3ms
[2022-11-23T10:25:18.179+0700][gc,phases   ] GC(0)   Other: 0.2ms
[2022-11-23T10:25:18.179+0700][gc,heap     ] GC(0) Eden regions: 51->0(44)
[2022-11-23T10:25:18.179+0700][gc,heap     ] GC(0) Survivor regions: 0->7(7)
[2022-11-23T10:25:18.179+0700][gc,heap     ] GC(0) Old regions: 0->1
[2022-11-23T10:25:18.179+0700][gc,heap     ] GC(0) Archive regions: 2->2
[2022-11-23T10:25:18.179+0700][gc,heap     ] GC(0) Humongous regions: 0->0
[2022-11-23T10:25:18.179+0700][gc,metaspace] GC(0) Metaspace: 18557K(18752K)->18557K(18752K) NonClass: 16433K(16512K)->16433K(16512K) Class: 2124K(2240K)->2124K(2240K)
[2022-11-23T10:25:18.179+0700][gc          ] GC(0) Pause Young (Normal) (G1 Evacuation Pause) 51M->8M(1024M) 3.099ms
[2022-11-23T10:25:18.179+0700][gc,cpu      ] GC(0) User=0.01s Sys=0.00s Real=0.00s
[2022-11-23T10:25:18.263+0700][gc,start    ] GC(1) Pause Young (Concurrent Start) (Metadata GC Threshold)
[2022-11-23T10:25:18.263+0700][gc,task     ] GC(1) Using 8 workers of 8 for evacuation
[2022-11-23T10:25:18.267+0700][gc,phases   ] GC(1)   Pre Evacuate Collection Set: 0.1ms
[2022-11-23T10:25:18.267+0700][gc,phases   ] GC(1)   Merge Heap Roots: 0.0ms
[2022-11-23T10:25:18.267+0700][gc,phases   ] GC(1)   Evacuate Collection Set: 3.1ms
[2022-11-23T10:25:18.267+0700][gc,phases   ] GC(1)   Post Evacuate Collection Set: 0.4ms
[2022-11-23T10:25:18.267+0700][gc,phases   ] GC(1)   Other: 0.1ms
[2022-11-23T10:25:18.267+0700][gc,heap     ] GC(1) Eden regions: 11->0(50)
[2022-11-23T10:25:18.267+0700][gc,heap     ] GC(1) Survivor regions: 7->1(7)
[2022-11-23T10:25:18.267+0700][gc,heap     ] GC(1) Old regions: 1->7
[2022-11-23T10:25:18.267+0700][gc,heap     ] GC(1) Archive regions: 2->2
[2022-11-23T10:25:18.267+0700][gc,heap     ] GC(1) Humongous regions: 0->0
[2022-11-23T10:25:18.267+0700][gc,metaspace] GC(1) Metaspace: 21289K(21504K)->21289K(21504K) NonClass: 18818K(18944K)->18818K(18944K) Class: 2471K(2560K)->2471K(2560K)
[2022-11-23T10:25:18.267+0700][gc          ] GC(1) Pause Young (Concurrent Start) (Metadata GC Threshold) 18M->8M(1024M) 3.898ms
[2022-11-23T10:25:18.267+0700][gc          ] GC(2) Concurrent Mark Cycle
[2022-11-23T10:25:18.267+0700][gc,cpu      ] GC(1) User=0.01s Sys=0.00s Real=0.00s
[2022-11-23T10:25:18.267+0700][gc,marking  ] GC(2) Concurrent Clear Claimed Marks
[2022-11-23T10:25:18.267+0700][gc,marking  ] GC(2) Concurrent Clear Claimed Marks 0.020ms
[2022-11-23T10:25:18.267+0700][gc,marking  ] GC(2) Concurrent Scan Root Regions
[2022-11-23T10:25:18.269+0700][gc,marking  ] GC(2) Concurrent Scan Root Regions 1.844ms
[2022-11-23T10:25:18.269+0700][gc,marking  ] GC(2) Concurrent Mark
[2022-11-23T10:25:18.269+0700][gc,marking  ] GC(2) Concurrent Mark From Roots
[2022-11-23T10:25:18.269+0700][gc,task     ] GC(2) Using 2 workers of 2 for marking
[2022-11-23T10:25:18.269+0700][gc,marking  ] GC(2) Concurrent Mark From Roots 0.486ms
[2022-11-23T10:25:18.269+0700][gc,marking  ] GC(2) Concurrent Preclean
[2022-11-23T10:25:18.269+0700][gc,marking  ] GC(2) Concurrent Preclean 0.008ms
[2022-11-23T10:25:18.269+0700][gc,start    ] GC(2) Pause Remark
[2022-11-23T10:25:18.270+0700][gc          ] GC(2) Pause Remark 9M->9M(1024M) 1.125ms
[2022-11-23T10:25:18.270+0700][gc,cpu      ] GC(2) User=0.01s Sys=0.00s Real=0.01s
[2022-11-23T10:25:18.270+0700][gc,marking  ] GC(2) Concurrent Mark 1.758ms
[2022-11-23T10:25:18.270+0700][gc,marking  ] GC(2) Concurrent Rebuild Remembered Sets
[2022-11-23T10:25:18.270+0700][gc,marking  ] GC(2) Concurrent Rebuild Remembered Sets 0.004ms
[2022-11-23T10:25:18.271+0700][gc,start    ] GC(2) Pause Cleanup
[2022-11-23T10:25:18.271+0700][gc          ] GC(2) Pause Cleanup 9M->9M(1024M) 0.006ms
[2022-11-23T10:25:18.271+0700][gc,cpu      ] GC(2) User=0.00s Sys=0.00s Real=0.00s
[2022-11-23T10:25:18.271+0700][gc,marking  ] GC(2) Concurrent Cleanup for Next Mark
[2022-11-23T10:25:18.272+0700][gc,marking  ] GC(2) Concurrent Cleanup for Next Mark 1.366ms
[2022-11-23T10:25:18.272+0700][gc          ] GC(2) Concurrent Mark Cycle 5.185ms
[2022-11-23T10:25:18.664+0700][gc,start    ] GC(3) Pause Young (Normal) (GCLocker Initiated GC)
[2022-11-23T10:25:18.664+0700][gc,task     ] GC(3) Using 8 workers of 8 for evacuation
[2022-11-23T10:25:18.667+0700][gc,phases   ] GC(3)   Pre Evacuate Collection Set: 0.1ms
[2022-11-23T10:25:18.667+0700][gc,phases   ] GC(3)   Merge Heap Roots: 0.0ms
[2022-11-23T10:25:18.667+0700][gc,phases   ] GC(3)   Evacuate Collection Set: 2.3ms
[2022-11-23T10:25:18.667+0700][gc,phases   ] GC(3)   Post Evacuate Collection Set: 0.3ms
[2022-11-23T10:25:18.667+0700][gc,phases   ] GC(3)   Other: 0.0ms
[2022-11-23T10:25:18.667+0700][gc,heap     ] GC(3) Eden regions: 50->0(45)
[2022-11-23T10:25:18.667+0700][gc,heap     ] GC(3) Survivor regions: 1->6(7)
[2022-11-23T10:25:18.667+0700][gc,heap     ] GC(3) Old regions: 7->7
[2022-11-23T10:25:18.667+0700][gc,heap     ] GC(3) Archive regions: 2->2
[2022-11-23T10:25:18.667+0700][gc,heap     ] GC(3) Humongous regions: 129->129
[2022-11-23T10:25:18.667+0700][gc,metaspace] GC(3) Metaspace: 33378K(33728K)->33378K(33728K) NonClass: 29770K(29952K)->29770K(29952K) Class: 3608K(3776K)->3608K(3776K)
[2022-11-23T10:25:18.667+0700][gc          ] GC(3) Pause Young (Normal) (GCLocker Initiated GC) 187M->142M(1024M) 2.879ms
[2022-11-23T10:25:18.667+0700][gc,cpu      ] GC(3) User=0.01s Sys=0.00s Real=0.00s
[2022-11-23T10:26:51.460+0700][gc,start    ] GC(4) Pause Young (Concurrent Start) (Metadata GC Threshold)
[2022-11-23T10:26:51.461+0700][gc,task     ] GC(4) Using 8 workers of 8 for evacuation
[2022-11-23T10:26:51.464+0700][gc,phases   ] GC(4)   Pre Evacuate Collection Set: 0.2ms
[2022-11-23T10:26:51.464+0700][gc,phases   ] GC(4)   Merge Heap Roots: 0.1ms
[2022-11-23T10:26:51.464+0700][gc,phases   ] GC(4)   Evacuate Collection Set: 3.0ms
[2022-11-23T10:26:51.464+0700][gc,phases   ] GC(4)   Post Evacuate Collection Set: 0.2ms
[2022-11-23T10:26:51.464+0700][gc,phases   ] GC(4)   Other: 0.0ms
[2022-11-23T10:26:51.464+0700][gc,heap     ] GC(4) Eden regions: 12->0(50)
[2022-11-23T10:26:51.464+0700][gc,heap     ] GC(4) Survivor regions: 6->1(7)
[2022-11-23T10:26:51.464+0700][gc,heap     ] GC(4) Old regions: 7->13
[2022-11-23T10:26:51.464+0700][gc,heap     ] GC(4) Archive regions: 2->2
[2022-11-23T10:26:51.464+0700][gc,heap     ] GC(4) Humongous regions: 129->129
[2022-11-23T10:26:51.464+0700][gc,metaspace] GC(4) Metaspace: 35680K(35968K)->35680K(35968K) NonClass: 31732K(31872K)->31732K(31872K) Class: 3947K(4096K)->3947K(4096K)
[2022-11-23T10:26:51.464+0700][gc          ] GC(4) Pause Young (Concurrent Start) (Metadata GC Threshold) 154M->143M(1024M) 3.883ms
[2022-11-23T10:26:51.464+0700][gc          ] GC(5) Concurrent Mark Cycle
[2022-11-23T10:26:51.464+0700][gc,cpu      ] GC(4) User=0.02s Sys=0.00s Real=0.00s
[2022-11-23T10:26:51.464+0700][gc,marking  ] GC(5) Concurrent Clear Claimed Marks
[2022-11-23T10:26:51.464+0700][gc,marking  ] GC(5) Concurrent Clear Claimed Marks 0.024ms
[2022-11-23T10:26:51.464+0700][gc,marking  ] GC(5) Concurrent Scan Root Regions
[2022-11-23T10:26:51.466+0700][gc,marking  ] GC(5) Concurrent Scan Root Regions 1.822ms
[2022-11-23T10:26:51.466+0700][gc,marking  ] GC(5) Concurrent Mark
[2022-11-23T10:26:51.466+0700][gc,marking  ] GC(5) Concurrent Mark From Roots
[2022-11-23T10:26:51.466+0700][gc,task     ] GC(5) Using 2 workers of 2 for marking
[2022-11-23T10:26:51.469+0700][gc,marking  ] GC(5) Concurrent Mark From Roots 3.381ms
[2022-11-23T10:26:51.470+0700][gc,marking  ] GC(5) Concurrent Preclean
[2022-11-23T10:26:51.470+0700][gc,marking  ] GC(5) Concurrent Preclean 0.032ms
[2022-11-23T10:26:51.470+0700][gc,start    ] GC(5) Pause Remark
[2022-11-23T10:26:51.471+0700][gc          ] GC(5) Pause Remark 144M->144M(1024M) 1.007ms
[2022-11-23T10:26:51.471+0700][gc,cpu      ] GC(5) User=0.01s Sys=0.01s Real=0.00s
[2022-11-23T10:26:51.471+0700][gc,marking  ] GC(5) Concurrent Mark 4.570ms
[2022-11-23T10:26:51.471+0700][gc,marking  ] GC(5) Concurrent Rebuild Remembered Sets
[2022-11-23T10:26:51.474+0700][gc,marking  ] GC(5) Concurrent Rebuild Remembered Sets 3.124ms
[2022-11-23T10:26:51.474+0700][gc,start    ] GC(5) Pause Cleanup
[2022-11-23T10:26:51.474+0700][gc          ] GC(5) Pause Cleanup 144M->144M(1024M) 0.087ms
[2022-11-23T10:26:51.474+0700][gc,cpu      ] GC(5) User=0.00s Sys=0.00s Real=0.00s
[2022-11-23T10:26:51.474+0700][gc,marking  ] GC(5) Concurrent Cleanup for Next Mark
[2022-11-23T10:26:51.475+0700][gc,marking  ] GC(5) Concurrent Cleanup for Next Mark 1.464ms
[2022-11-23T10:26:51.475+0700][gc          ] GC(5) Concurrent Mark Cycle 11.305ms
[2022-11-23T10:30:16.128+0700][gc,start    ] GC(6) Pause Young (Normal) (G1 Evacuation Pause)
[2022-11-23T10:30:16.129+0700][gc,task     ] GC(6) Using 8 workers of 8 for evacuation
[2022-11-23T10:30:16.145+0700][gc,phases   ] GC(6)   Pre Evacuate Collection Set: 0.2ms
[2022-11-23T10:30:16.145+0700][gc,phases   ] GC(6)   Merge Heap Roots: 0.1ms
[2022-11-23T10:30:16.145+0700][gc,phases   ] GC(6)   Evacuate Collection Set: 4.5ms
[2022-11-23T10:30:16.145+0700][gc,phases   ] GC(6)   Post Evacuate Collection Set: 10.9ms
[2022-11-23T10:30:16.145+0700][gc,phases   ] GC(6)   Other: 0.1ms
[2022-11-23T10:30:16.145+0700][gc,heap     ] GC(6) Eden regions: 50->0(47)
[2022-11-23T10:30:16.145+0700][gc,heap     ] GC(6) Survivor regions: 1->4(7)
[2022-11-23T10:30:16.145+0700][gc,heap     ] GC(6) Old regions: 13->13
[2022-11-23T10:30:16.145+0700][gc,heap     ] GC(6) Archive regions: 2->2
[2022-11-23T10:30:16.145+0700][gc,heap     ] GC(6) Humongous regions: 129->129
[2022-11-23T10:30:16.145+0700][gc,metaspace] GC(6) Metaspace: 39944K(40448K)->39944K(40448K) NonClass: 35417K(35712K)->35417K(35712K) Class: 4526K(4736K)->4526K(4736K)
[2022-11-23T10:30:16.145+0700][gc          ] GC(6) Pause Young (Normal) (G1 Evacuation Pause) 193M->146M(1024M) 16.483ms
[2022-11-23T10:30:16.145+0700][gc,cpu      ] GC(6) User=0.02s Sys=0.00s Real=0.02s
[2022-11-23T10:32:42.014+0700][gc,start    ] GC(7) Pause Young (Normal) (G1 Evacuation Pause)
[2022-11-23T10:32:42.015+0700][gc,task     ] GC(7) Using 8 workers of 8 for evacuation
[2022-11-23T10:32:42.021+0700][gc,phases   ] GC(7)   Pre Evacuate Collection Set: 0.3ms
[2022-11-23T10:32:42.021+0700][gc,phases   ] GC(7)   Merge Heap Roots: 0.1ms
[2022-11-23T10:32:42.021+0700][gc,phases   ] GC(7)   Evacuate Collection Set: 5.6ms
[2022-11-23T10:32:42.022+0700][gc,phases   ] GC(7)   Post Evacuate Collection Set: 0.5ms
[2022-11-23T10:32:42.022+0700][gc,phases   ] GC(7)   Other: 0.1ms
[2022-11-23T10:32:42.022+0700][gc,heap     ] GC(7) Eden regions: 47->0(47)
[2022-11-23T10:32:42.022+0700][gc,heap     ] GC(7) Survivor regions: 4->4(7)
[2022-11-23T10:32:42.022+0700][gc,heap     ] GC(7) Old regions: 13->13
[2022-11-23T10:32:42.022+0700][gc,heap     ] GC(7) Archive regions: 2->2
[2022-11-23T10:32:42.022+0700][gc,heap     ] GC(7) Humongous regions: 129->129
[2022-11-23T10:32:42.022+0700][gc,metaspace] GC(7) Metaspace: 40046K(40512K)->40046K(40512K) NonClass: 35501K(35776K)->35501K(35776K) Class: 4544K(4736K)->4544K(4736K)
[2022-11-23T10:32:42.022+0700][gc          ] GC(7) Pause Young (Normal) (G1 Evacuation Pause) 193M->146M(1024M) 7.793ms
[2022-11-23T10:32:42.022+0700][gc,cpu      ] GC(7) User=0.02s Sys=0.01s Real=0.01s
[2022-11-23T10:35:27.006+0700][gc,start    ] GC(8) Pause Young (Normal) (G1 Evacuation Pause)
[2022-11-23T10:35:27.007+0700][gc,task     ] GC(8) Using 8 workers of 8 for evacuation
[2022-11-23T10:35:27.019+0700][gc,phases   ] GC(8)   Pre Evacuate Collection Set: 0.6ms
[2022-11-23T10:35:27.019+0700][gc,phases   ] GC(8)   Merge Heap Roots: 0.2ms
[2022-11-23T10:35:27.019+0700][gc,phases   ] GC(8)   Evacuate Collection Set: 10.1ms
[2022-11-23T10:35:27.019+0700][gc,phases   ] GC(8)   Post Evacuate Collection Set: 0.8ms
[2022-11-23T10:35:27.019+0700][gc,phases   ] GC(8)   Other: 0.3ms
[2022-11-23T10:35:27.019+0700][gc,heap     ] GC(8) Eden regions: 47->0(47)
[2022-11-23T10:35:27.019+0700][gc,heap     ] GC(8) Survivor regions: 4->4(7)
[2022-11-23T10:35:27.019+0700][gc,heap     ] GC(8) Old regions: 13->13
[2022-11-23T10:35:27.019+0700][gc,heap     ] GC(8) Archive regions: 2->2
[2022-11-23T10:35:27.019+0700][gc,heap     ] GC(8) Humongous regions: 129->129
[2022-11-23T10:35:27.019+0700][gc,metaspace] GC(8) Metaspace: 40061K(40512K)->40061K(40512K) NonClass: 35516K(35776K)->35516K(35776K) Class: 4544K(4736K)->4544K(4736K)
[2022-11-23T10:35:27.019+0700][gc          ] GC(8) Pause Young (Normal) (G1 Evacuation Pause) 193M->146M(1024M) 13.772ms
[2022-11-23T10:35:27.019+0700][gc,cpu      ] GC(8) User=0.02s Sys=0.02s Real=0.01s
[2022-11-23T10:38:18.554+0700][gc,start    ] GC(9) Pause Young (Normal) (G1 Evacuation Pause)
[2022-11-23T10:38:18.555+0700][gc,task     ] GC(9) Using 8 workers of 8 for evacuation
[2022-11-23T10:38:18.562+0700][gc,phases   ] GC(9)   Pre Evacuate Collection Set: 0.7ms
[2022-11-23T10:38:18.562+0700][gc,phases   ] GC(9)   Merge Heap Roots: 0.2ms
[2022-11-23T10:38:18.562+0700][gc,phases   ] GC(9)   Evacuate Collection Set: 5.3ms
[2022-11-23T10:38:18.562+0700][gc,phases   ] GC(9)   Post Evacuate Collection Set: 0.6ms
[2022-11-23T10:38:18.562+0700][gc,phases   ] GC(9)   Other: 0.4ms
[2022-11-23T10:38:18.562+0700][gc,heap     ] GC(9) Eden regions: 47->0(59)
[2022-11-23T10:38:18.562+0700][gc,heap     ] GC(9) Survivor regions: 4->3(7)
[2022-11-23T10:38:18.562+0700][gc,heap     ] GC(9) Old regions: 13->13
[2022-11-23T10:38:18.562+0700][gc,heap     ] GC(9) Archive regions: 2->2
[2022-11-23T10:38:18.562+0700][gc,heap     ] GC(9) Humongous regions: 129->129
[2022-11-23T10:38:18.562+0700][gc,metaspace] GC(9) Metaspace: 40138K(40640K)->40138K(40640K) NonClass: 35582K(35840K)->35582K(35840K) Class: 4555K(4800K)->4555K(4800K)
[2022-11-23T10:38:18.562+0700][gc          ] GC(9) Pause Young (Normal) (G1 Evacuation Pause) 193M->145M(1024M) 8.302ms
[2022-11-23T10:38:18.562+0700][gc,cpu      ] GC(9) User=0.01s Sys=0.01s Real=0.01s
[2022-11-23T10:41:55.113+0700][gc,start    ] GC(10) Pause Young (Normal) (G1 Evacuation Pause)
[2022-11-23T10:41:55.113+0700][gc,task     ] GC(10) Using 8 workers of 8 for evacuation
[2022-11-23T10:41:55.119+0700][gc,phases   ] GC(10)   Pre Evacuate Collection Set: 0.4ms
[2022-11-23T10:41:55.119+0700][gc,phases   ] GC(10)   Merge Heap Roots: 0.2ms
[2022-11-23T10:41:55.119+0700][gc,phases   ] GC(10)   Evacuate Collection Set: 4.7ms
[2022-11-23T10:41:55.119+0700][gc,phases   ] GC(10)   Post Evacuate Collection Set: 0.5ms
[2022-11-23T10:41:55.119+0700][gc,phases   ] GC(10)   Other: 0.2ms
[2022-11-23T10:41:55.119+0700][gc,heap     ] GC(10) Eden regions: 59->0(204)
[2022-11-23T10:41:55.119+0700][gc,heap     ] GC(10) Survivor regions: 3->3(8)
[2022-11-23T10:41:55.119+0700][gc,heap     ] GC(10) Old regions: 13->13
[2022-11-23T10:41:55.119+0700][gc,heap     ] GC(10) Archive regions: 2->2
[2022-11-23T10:41:55.119+0700][gc,heap     ] GC(10) Humongous regions: 129->129
[2022-11-23T10:41:55.119+0700][gc,metaspace] GC(10) Metaspace: 40175K(40640K)->40175K(40640K) NonClass: 35619K(35840K)->35619K(35840K) Class: 4555K(4800K)->4555K(4800K)
[2022-11-23T10:41:55.119+0700][gc          ] GC(10) Pause Young (Normal) (G1 Evacuation Pause) 204M->145M(1024M) 6.593ms
[2022-11-23T10:41:55.119+0700][gc,cpu      ] GC(10) User=0.02s Sys=0.01s Real=0.00s
[2022-11-23T10:54:34.902+0700][gc,start    ] GC(11) Pause Young (Normal) (G1 Evacuation Pause)
[2022-11-23T10:54:34.903+0700][gc,task     ] GC(11) Using 8 workers of 8 for evacuation
[2022-11-23T10:54:34.914+0700][gc,phases   ] GC(11)   Pre Evacuate Collection Set: 0.7ms
[2022-11-23T10:54:34.914+0700][gc,phases   ] GC(11)   Merge Heap Roots: 0.2ms
[2022-11-23T10:54:34.914+0700][gc,phases   ] GC(11)   Evacuate Collection Set: 8.2ms
[2022-11-23T10:54:34.914+0700][gc,phases   ] GC(11)   Post Evacuate Collection Set: 1.0ms
[2022-11-23T10:54:34.914+0700][gc,phases   ] GC(11)   Other: 0.4ms
[2022-11-23T10:54:34.914+0700][gc,heap     ] GC(11) Eden regions: 204->0(611)
[2022-11-23T10:54:34.914+0700][gc,heap     ] GC(11) Survivor regions: 3->3(26)
[2022-11-23T10:54:34.914+0700][gc,heap     ] GC(11) Old regions: 13->13
[2022-11-23T10:54:34.914+0700][gc,heap     ] GC(11) Archive regions: 2->2
[2022-11-23T10:54:34.914+0700][gc,heap     ] GC(11) Humongous regions: 129->129
[2022-11-23T10:54:34.914+0700][gc,metaspace] GC(11) Metaspace: 40283K(40768K)->40283K(40768K) NonClass: 35727K(35968K)->35727K(35968K) Class: 4555K(4800K)->4555K(4800K)
[2022-11-23T10:54:34.914+0700][gc          ] GC(11) Pause Young (Normal) (G1 Evacuation Pause) 349M->145M(1024M) 12.211ms
[2022-11-23T10:54:34.914+0700][gc,cpu      ] GC(11) User=0.02s Sys=0.01s Real=0.01s
[2022-11-23T13:27:02.018+0700][gc,start    ] GC(12) Pause Young (Normal) (G1 Evacuation Pause)
[2022-11-23T13:27:02.018+0700][gc,task     ] GC(12) Using 8 workers of 8 for evacuation
[2022-11-23T13:27:02.024+0700][gc,phases   ] GC(12)   Pre Evacuate Collection Set: 0.4ms
[2022-11-23T13:27:02.024+0700][gc,phases   ] GC(12)   Merge Heap Roots: 0.2ms
[2022-11-23T13:27:02.024+0700][gc,phases   ] GC(12)   Evacuate Collection Set: 3.7ms
[2022-11-23T13:27:02.024+0700][gc,phases   ] GC(12)   Post Evacuate Collection Set: 0.7ms
[2022-11-23T13:27:02.024+0700][gc,phases   ] GC(12)   Other: 0.2ms
[2022-11-23T13:27:02.024+0700][gc,heap     ] GC(12) Eden regions: 611->0(610)
[2022-11-23T13:27:02.024+0700][gc,heap     ] GC(12) Survivor regions: 3->4(77)
[2022-11-23T13:27:02.024+0700][gc,heap     ] GC(12) Old regions: 13->13
[2022-11-23T13:27:02.024+0700][gc,heap     ] GC(12) Archive regions: 2->2
[2022-11-23T13:27:02.024+0700][gc,heap     ] GC(12) Humongous regions: 129->129
[2022-11-23T13:27:02.024+0700][gc,metaspace] GC(12) Metaspace: 40499K(40960K)->40499K(40960K) NonClass: 35937K(36160K)->35937K(36160K) Class: 4562K(4800K)->4562K(4800K)
[2022-11-23T13:27:02.024+0700][gc          ] GC(12) Pause Young (Normal) (G1 Evacuation Pause) 756M->146M(1024M) 6.239ms
[2022-11-23T13:27:02.024+0700][gc,cpu      ] GC(12) User=0.01s Sys=0.01s Real=0.01s
[2022-11-23T13:49:12.948+0700][gc,start    ] GC(13) Pause Young (Normal) (G1 Evacuation Pause)
[2022-11-23T13:49:12.949+0700][gc,task     ] GC(13) Using 8 workers of 8 for evacuation
[2022-11-23T13:49:12.963+0700][gc,phases   ] GC(13)   Pre Evacuate Collection Set: 0.9ms
[2022-11-23T13:49:12.963+0700][gc,phases   ] GC(13)   Merge Heap Roots: 0.4ms
[2022-11-23T13:49:12.963+0700][gc,phases   ] GC(13)   Evacuate Collection Set: 11.6ms
[2022-11-23T13:49:12.963+0700][gc,phases   ] GC(13)   Post Evacuate Collection Set: 1.2ms
[2022-11-23T13:49:12.963+0700][gc,phases   ] GC(13)   Other: 0.3ms
[2022-11-23T13:49:12.963+0700][gc,heap     ] GC(13) Eden regions: 610->0(610)
[2022-11-23T13:49:12.963+0700][gc,heap     ] GC(13) Survivor regions: 4->4(77)
[2022-11-23T13:49:12.963+0700][gc,heap     ] GC(13) Old regions: 13->13
[2022-11-23T13:49:12.963+0700][gc,heap     ] GC(13) Archive regions: 2->2
[2022-11-23T13:49:12.963+0700][gc,heap     ] GC(13) Humongous regions: 129->129
[2022-11-23T13:49:12.963+0700][gc,metaspace] GC(13) Metaspace: 40619K(41152K)->40619K(41152K) NonClass: 36051K(36352K)->36051K(36352K) Class: 4567K(4800K)->4567K(4800K)
[2022-11-23T13:49:12.963+0700][gc          ] GC(13) Pause Young (Normal) (G1 Evacuation Pause) 756M->146M(1024M) 15.875ms
[2022-11-23T13:49:12.963+0700][gc,cpu      ] GC(13) User=0.03s Sys=0.01s Real=0.02s
[2022-11-23T14:08:56.534+0700][gc,start    ] GC(14) Pause Young (Normal) (G1 Evacuation Pause)
[2022-11-23T14:08:56.534+0700][gc,task     ] GC(14) Using 8 workers of 8 for evacuation
[2022-11-23T14:08:56.544+0700][gc,phases   ] GC(14)   Pre Evacuate Collection Set: 0.6ms
[2022-11-23T14:08:56.544+0700][gc,phases   ] GC(14)   Merge Heap Roots: 0.2ms
[2022-11-23T14:08:56.544+0700][gc,phases   ] GC(14)   Evacuate Collection Set: 7.5ms
[2022-11-23T14:08:56.544+0700][gc,phases   ] GC(14)   Post Evacuate Collection Set: 1.3ms
[2022-11-23T14:08:56.544+0700][gc,phases   ] GC(14)   Other: 0.2ms
[2022-11-23T14:08:56.544+0700][gc,heap     ] GC(14) Eden regions: 610->0(610)
[2022-11-23T14:08:56.544+0700][gc,heap     ] GC(14) Survivor regions: 4->4(77)
[2022-11-23T14:08:56.545+0700][gc,heap     ] GC(14) Old regions: 13->13
[2022-11-23T14:08:56.545+0700][gc,heap     ] GC(14) Archive regions: 2->2
[2022-11-23T14:08:56.545+0700][gc,heap     ] GC(14) Humongous regions: 129->129
[2022-11-23T14:08:56.545+0700][gc,metaspace] GC(14) Metaspace: 40673K(41152K)->40673K(41152K) NonClass: 36105K(36352K)->36105K(36352K) Class: 4567K(4800K)->4567K(4800K)
[2022-11-23T14:08:56.545+0700][gc          ] GC(14) Pause Young (Normal) (G1 Evacuation Pause) 756M->146M(1024M) 10.641ms
[2022-11-23T14:08:56.545+0700][gc,cpu      ] GC(14) User=0.02s Sys=0.01s Real=0.01s
[2022-11-23T14:27:44.940+0700][gc,start    ] GC(15) Pause Young (Normal) (G1 Evacuation Pause)
[2022-11-23T14:27:44.941+0700][gc,task     ] GC(15) Using 8 workers of 8 for evacuation
[2022-11-23T14:27:44.957+0700][gc,phases   ] GC(15)   Pre Evacuate Collection Set: 1.0ms
[2022-11-23T14:27:44.957+0700][gc,phases   ] GC(15)   Merge Heap Roots: 0.3ms
[2022-11-23T14:27:44.957+0700][gc,phases   ] GC(15)   Evacuate Collection Set: 13.6ms
[2022-11-23T14:27:44.957+0700][gc,phases   ] GC(15)   Post Evacuate Collection Set: 1.1ms
[2022-11-23T14:27:44.957+0700][gc,phases   ] GC(15)   Other: 0.3ms
[2022-11-23T14:27:44.957+0700][gc,heap     ] GC(15) Eden regions: 610->0(609)
[2022-11-23T14:27:44.957+0700][gc,heap     ] GC(15) Survivor regions: 4->5(77)
[2022-11-23T14:27:44.957+0700][gc,heap     ] GC(15) Old regions: 13->13
[2022-11-23T14:27:44.957+0700][gc,heap     ] GC(15) Archive regions: 2->2
[2022-11-23T14:27:44.957+0700][gc,heap     ] GC(15) Humongous regions: 129->129
[2022-11-23T14:27:44.957+0700][gc,metaspace] GC(15) Metaspace: 41460K(41984K)->41460K(41984K) NonClass: 36796K(37056K)->36796K(37056K) Class: 4663K(4928K)->4663K(4928K)
[2022-11-23T14:27:44.957+0700][gc          ] GC(15) Pause Young (Normal) (G1 Evacuation Pause) 756M->147M(1024M) 17.121ms
[2022-11-23T14:27:44.957+0700][gc,cpu      ] GC(15) User=0.03s Sys=0.02s Real=0.01s
[2022-11-23T14:46:40.087+0700][gc,start    ] GC(16) Pause Young (Normal) (G1 Evacuation Pause)
[2022-11-23T14:46:40.089+0700][gc,task     ] GC(16) Using 8 workers of 8 for evacuation
[2022-11-23T14:46:40.105+0700][gc,phases   ] GC(16)   Pre Evacuate Collection Set: 0.5ms
[2022-11-23T14:46:40.105+0700][gc,phases   ] GC(16)   Merge Heap Roots: 0.2ms
[2022-11-23T14:46:40.105+0700][gc,phases   ] GC(16)   Evacuate Collection Set: 14.3ms
[2022-11-23T14:46:40.105+0700][gc,phases   ] GC(16)   Post Evacuate Collection Set: 1.2ms
[2022-11-23T14:46:40.105+0700][gc,phases   ] GC(16)   Other: 0.3ms
[2022-11-23T14:46:40.105+0700][gc,heap     ] GC(16) Eden regions: 609->0(610)
[2022-11-23T14:46:40.105+0700][gc,heap     ] GC(16) Survivor regions: 5->4(77)
[2022-11-23T14:46:40.105+0700][gc,heap     ] GC(16) Old regions: 13->13
[2022-11-23T14:46:40.105+0700][gc,heap     ] GC(16) Archive regions: 2->2
[2022-11-23T14:46:40.105+0700][gc,heap     ] GC(16) Humongous regions: 129->129
[2022-11-23T14:46:40.105+0700][gc,metaspace] GC(16) Metaspace: 41469K(41984K)->41469K(41984K) NonClass: 36806K(37056K)->36806K(37056K) Class: 4663K(4928K)->4663K(4928K)
[2022-11-23T14:46:40.105+0700][gc          ] GC(16) Pause Young (Normal) (G1 Evacuation Pause) 756M->146M(1024M) 18.077ms
[2022-11-23T14:46:40.105+0700][gc,cpu      ] GC(16) User=0.02s Sys=0.02s Real=0.02s
[2022-11-23T15:02:02.747+0700][gc,heap,exit] Heap
[2022-11-23T15:02:02.747+0700][gc,heap,exit]  garbage-first heap   total 1048576K, used 667455K [0x00000007c0000000, 0x0000000800000000)
[2022-11-23T15:02:02.747+0700][gc,heap,exit]   region size 1024K, 509 young (521216K), 4 survivors (4096K)
[2022-11-23T15:02:02.747+0700][gc,heap,exit]  Metaspace       used 42164K, committed 42688K, reserved 1114112K
[2022-11-23T15:02:02.747+0700][gc,heap,exit]   class space    used 4818K, committed 5056K, reserved 1048576K
