[2022-11-23T10:23:41.016+0700][gc,init] CardTable entry size: 512
[2022-11-23T10:23:41.016+0700][gc     ] Using G1
[2022-11-23T10:23:41.017+0700][gc,init] Version: 19.0.1+10-21 (release)
[2022-11-23T10:23:41.017+0700][gc,init] CPUs: 8 total, 8 available
[2022-11-23T10:23:41.017+0700][gc,init] Memory: 16384M
[2022-11-23T10:23:41.017+0700][gc,init] Large Page Support: Disabled
[2022-11-23T10:23:41.017+0700][gc,init] NUMA Support: Disabled
[2022-11-23T10:23:41.017+0700][gc,init] Compressed Oops: Enabled (Zero based)
[2022-11-23T10:23:41.017+0700][gc,init] Heap Region Size: 1M
[2022-11-23T10:23:41.017+0700][gc,init] Heap Min Capacity: 512M
[2022-11-23T10:23:41.017+0700][gc,init] Heap Initial Capacity: 512M
[2022-11-23T10:23:41.017+0700][gc,init] Heap Max Capacity: 512M
[2022-11-23T10:23:41.017+0700][gc,init] Pre-touch: Disabled
[2022-11-23T10:23:41.017+0700][gc,init] Parallel Workers: 8
[2022-11-23T10:23:41.017+0700][gc,init] Concurrent Workers: 2
[2022-11-23T10:23:41.017+0700][gc,init] Concurrent Refinement Workers: 8
[2022-11-23T10:23:41.017+0700][gc,init] Periodic GC: Disabled
[2022-11-23T10:23:41.017+0700][gc,metaspace] CDS archive(s) mapped at: [0x0000000800000000-0x0000000800c44000-0x0000000800c44000), size 12861440, SharedBaseAddress: 0x0000000800000000, ArchiveRelocationMode: 0.
[2022-11-23T10:23:41.017+0700][gc,metaspace] Compressed class space mapped at: 0x0000000801000000-0x0000000841000000, reserved size: 1073741824
[2022-11-23T10:23:41.017+0700][gc,metaspace] Narrow klass base: 0x0000000800000000, Narrow klass shift: 0, Narrow klass range: 0x100000000
[2022-11-23T10:23:44.112+0700][gc,start    ] GC(0) Pause Young (Normal) (G1 Evacuation Pause)
[2022-11-23T10:23:44.112+0700][gc,task     ] GC(0) Using 8 workers of 8 for evacuation
[2022-11-23T10:23:44.117+0700][gc,phases   ] GC(0)   Pre Evacuate Collection Set: 0.2ms
[2022-11-23T10:23:44.117+0700][gc,phases   ] GC(0)   Merge Heap Roots: 0.1ms
[2022-11-23T10:23:44.117+0700][gc,phases   ] GC(0)   Evacuate Collection Set: 3.5ms
[2022-11-23T10:23:44.117+0700][gc,phases   ] GC(0)   Post Evacuate Collection Set: 0.5ms
[2022-11-23T10:23:44.117+0700][gc,phases   ] GC(0)   Other: 0.5ms
[2022-11-23T10:23:44.117+0700][gc,heap     ] GC(0) Eden regions: 25->0(21)
[2022-11-23T10:23:44.117+0700][gc,heap     ] GC(0) Survivor regions: 0->4(4)
[2022-11-23T10:23:44.117+0700][gc,heap     ] GC(0) Old regions: 0->4
[2022-11-23T10:23:44.117+0700][gc,heap     ] GC(0) Archive regions: 2->2
[2022-11-23T10:23:44.117+0700][gc,heap     ] GC(0) Humongous regions: 0->0
[2022-11-23T10:23:44.117+0700][gc,metaspace] GC(0) Metaspace: 8437K(8704K)->8437K(8704K) NonClass: 7538K(7680K)->7538K(7680K) Class: 899K(1024K)->899K(1024K)
[2022-11-23T10:23:44.117+0700][gc          ] GC(0) Pause Young (Normal) (G1 Evacuation Pause) 25M->8M(512M) 5.123ms
[2022-11-23T10:23:44.117+0700][gc,cpu      ] GC(0) User=0.02s Sys=0.00s Real=0.00s
[2022-11-23T14:25:57.470+0700][gc,start    ] GC(1) Pause Young (Normal) (G1 Evacuation Pause)
[2022-11-23T14:25:57.471+0700][gc,task     ] GC(1) Using 8 workers of 8 for evacuation
[2022-11-23T14:25:57.487+0700][gc,phases   ] GC(1)   Pre Evacuate Collection Set: 0.3ms
[2022-11-23T14:25:57.488+0700][gc,phases   ] GC(1)   Merge Heap Roots: 0.2ms
[2022-11-23T14:25:57.488+0700][gc,phases   ] GC(1)   Evacuate Collection Set: 15.3ms
[2022-11-23T14:25:57.488+0700][gc,phases   ] GC(1)   Post Evacuate Collection Set: 0.7ms
[2022-11-23T14:25:57.488+0700][gc,phases   ] GC(1)   Other: 0.3ms
[2022-11-23T14:25:57.488+0700][gc,heap     ] GC(1) Eden regions: 21->0(24)
[2022-11-23T14:25:57.488+0700][gc,heap     ] GC(1) Survivor regions: 4->1(4)
[2022-11-23T14:25:57.488+0700][gc,heap     ] GC(1) Old regions: 4->7
[2022-11-23T14:25:57.488+0700][gc,heap     ] GC(1) Archive regions: 2->2
[2022-11-23T14:25:57.488+0700][gc,heap     ] GC(1) Humongous regions: 0->0
[2022-11-23T14:25:57.488+0700][gc,metaspace] GC(1) Metaspace: 9518K(9728K)->9518K(9728K) NonClass: 8572K(8640K)->8572K(8640K) Class: 946K(1088K)->946K(1088K)
[2022-11-23T14:25:57.488+0700][gc          ] GC(1) Pause Young (Normal) (G1 Evacuation Pause) 29M->8M(512M) 17.544ms
[2022-11-23T14:25:57.488+0700][gc,cpu      ] GC(1) User=0.01s Sys=0.01s Real=0.01s
[2022-11-23T14:58:46.617+0700][gc,start    ] GC(2) Pause Young (Normal) (G1 Evacuation Pause)
[2022-11-23T14:58:46.619+0700][gc,task     ] GC(2) Using 8 workers of 8 for evacuation
[2022-11-23T14:58:46.625+0700][gc,phases   ] GC(2)   Pre Evacuate Collection Set: 0.3ms
[2022-11-23T14:58:46.625+0700][gc,phases   ] GC(2)   Merge Heap Roots: 0.1ms
[2022-11-23T14:58:46.625+0700][gc,phases   ] GC(2)   Evacuate Collection Set: 5.2ms
[2022-11-23T14:58:46.625+0700][gc,phases   ] GC(2)   Post Evacuate Collection Set: 0.3ms
[2022-11-23T14:58:46.625+0700][gc,phases   ] GC(2)   Other: 0.3ms
[2022-11-23T14:58:46.625+0700][gc,heap     ] GC(2) Eden regions: 24->0(24)
[2022-11-23T14:58:46.625+0700][gc,heap     ] GC(2) Survivor regions: 1->1(4)
[2022-11-23T14:58:46.625+0700][gc,heap     ] GC(2) Old regions: 7->7
[2022-11-23T14:58:46.625+0700][gc,heap     ] GC(2) Archive regions: 2->2
[2022-11-23T14:58:46.625+0700][gc,heap     ] GC(2) Humongous regions: 0->0
[2022-11-23T14:58:46.625+0700][gc,metaspace] GC(2) Metaspace: 9520K(9728K)->9520K(9728K) NonClass: 8573K(8640K)->8573K(8640K) Class: 946K(1088K)->946K(1088K)
[2022-11-23T14:58:46.625+0700][gc          ] GC(2) Pause Young (Normal) (G1 Evacuation Pause) 32M->8M(512M) 7.523ms
[2022-11-23T14:58:46.625+0700][gc,cpu      ] GC(2) User=0.00s Sys=0.02s Real=0.01s
[2022-11-23T15:02:07.533+0700][gc,heap,exit] Heap
[2022-11-23T15:02:07.534+0700][gc,heap,exit]  garbage-first heap   total 524288K, used 12016K [0x00000007e0000000, 0x0000000800000000)
[2022-11-23T15:02:07.534+0700][gc,heap,exit]   region size 1024K, 5 young (5120K), 1 survivors (1024K)
[2022-11-23T15:02:07.534+0700][gc,heap,exit]  Metaspace       used 9523K, committed 9728K, reserved 1114112K
[2022-11-23T15:02:07.534+0700][gc,heap,exit]   class space    used 947K, committed 1088K, reserved 1048576K
